---
source: examples/examples/dynamic_tabs/tests.rs
expression: harness.terminal().backend().buffer()
---
Buffer {
    area: Rect { x: 0, y: 0, width: 40, height: 10 },
    content: [
        "                                        ",
        " ┌Demo─────────────────────────┐╭───╮   ",
        " │ Tab1  ✕ │ Tab2  ✕ │ Tab3  ✕ ││ + │   ",
        " └─────────────────────────────┘╰───╯   ",
        "  tab2                                  ",
        "                                        ",
        "                                        ",
        "                                        ",
        "                                        ",
        "                                        ",
    ],
    styles: [
        x: 0, y: 0, fg: Reset, bg: Reset, underline: Reset, modifier: NONE,
        x: 32, y: 1, fg: Green, bg: Reset, underline: Reset, modifier: NONE,
        x: 37, y: 1, fg: Reset, bg: Reset, underline: Reset, modifier: NONE,
        x: 9, y: 2, fg: Red, bg: Reset, underline: Reset, modifier: NONE,
        x: 10, y: 2, fg: Reset, bg: Reset, underline: Reset, modifier: NONE,
        x: 13, y: 2, fg: Yellow, bg: Reset, underline: Reset, modifier: NONE,
        x: 17, y: 2, fg: Reset, bg: Reset, underline: Reset, modifier: NONE,
        x: 19, y: 2, fg: Red, bg: Reset, underline: Reset, modifier: NONE,
        x: 20, y: 2, fg: Reset, bg: Reset, underline: Reset, modifier: NONE,
        x: 29, y: 2, fg: Red, bg: Reset, underline: Reset, modifier: NONE,
        x: 30, y: 2, fg: Reset, bg: Reset, underline: Reset, modifier: NONE,
        x: 32, y: 2, fg: Green, bg: Reset, underline: Reset, modifier: NONE,
        x: 33, y: 2, fg: Reset, bg: Reset, underline: Reset, modifier: NONE,
        x: 34, y: 2, fg: Green, bg: Reset, underline: Reset, modifier: NONE,
        x: 35, y: 2, fg: Reset, bg: Reset, underline: Reset, modifier: NONE,
        x: 36, y: 2, fg: Green, bg: Reset, underline: Reset, modifier: NONE,
        x: 37, y: 2, fg: Reset, bg: Reset, underline: Reset, modifier: NONE,
        x: 32, y: 3, fg: Green, bg: Reset, underline: Reset, modifier: NONE,
        x: 37, y: 3, fg: Reset, bg: Reset, underline: Reset, modifier: NONE,
    ]
}
